00000.157 [B/COM53] OPEN
00000.157 [A/COM40] OPEN
00000.157 [B/COM53] 20[0m
00000.157 [B/COM53] [32mINFO - UCN_UART_RAW BLOCKING_RX_WAIT role=B[0m
00000.157 [B/COM53] 20[0m
00000.157 [B/COM53] [32mINFO - UCN_UART_RAW BLOCKING_RX_WAIT role=B[0m
00000.157 [B/COM53] 20[0m
00000.157 [B/COM53] [32mINFO - UCN_UART_RAW BLOCKING_RX_WAIT role=B[0m
00000.157 [B/COM53] 20[0m
00000.157 [B/COM53] [32mINFO - UCN_UART_RAW BLOCKING_RX_WAIT role=B[0m
00000.157 [B/COM53] 20[0m
00000.157 [B/COM53] [32mINFO - UCN_UART_RAW BLOCKING_RX_WAIT role=B[0m
00000.157 [B/COM53] 20[0m
00000.157 [B/COM53] [32mINFO - UCN_UART_RAW BLOCKING_RX_WAIT role=B[0m
00000.157 [B/COM53] 20[0m
00000.157 [B/COM53] [32mINFO - UCN_UART_RAW BLOCKING_RX_WAIT role=B[0m
00000.157 [B/COM53] 20[0m
00000.157 [B/COM53] [32mINFO - UCN_UART_RAW BLOCKING_RX_WAIT role=B[0m
00000.157 [B/COM53] 20[0m
00000.157 [B/COM53] [32mINFO - UCN_UART_RAW BLOCKING_RX_WAIT role=B[0m
00000.157 [B/COM53] 20[0m
00000.157 [B/COM53] [32mINFO - UCN_UART_RAW BLOCKING_RX_WAIT role=B[0m
00000.157 [B/COM53] 20[0m
00000.157 [B/COM53] [32mINFO - UCN_UART_RAW BLOCKING_RX_WAIT role=B[0m
00000.157 [B/COM53] 20[0m
00000.157 [B/COM53] [32mINFO - UCN_UART_RAW BLOCKING_RX_WAIT role=B[0m
00000.157 [B/COM53] 20[0m
00000.157 [B/COM53] [32mINFO - UCN_UART_RAW BLOCKING_RX_WAIT role=B[0m
00000.172 [B/COM53] 20[0m
00000.172 [B/COM53] [32mINFO - UCN_UART_RAW BLOCKING_RX_WAIT role=B[0m
00000.172 [B/COM53] 20[0m
00000.172 [B/COM53] [32mINFO - UCN_UART_RAW BLOCKING_RX_WAIT role=B[0m
00000.172 [B/COM53] 20[0m
00000.172 [B/COM53] [32mINFO - UCN_UART_RAW BLOCKING_RX_WAIT role=B[0m
00000.172 [B/COM53] 20[0m
00000.172 [B/COM53] [32mINFO - UCN_UART_RAW BLOCKING_RX_WAIT role=B[0m
00000.172 [B/COM53] 20[0m
00000.172 [B/COM53] [32mINFO - UCN_UART_RAW BLOCKING_RX_WAIT role=B[0m
00000.172 [B/COM53] 20[0m
00000.172 [B/COM53] [32mINFO - UCN_UART_RAW BLOCKING_RX_WAIT role=B[0m
00000.172 [B/COM53] 20[0m
00000.172 [B/COM53] [32mINFO - UCN_UART_RAW BLOCKING_RX_WAIT role=B[0m
00000.172 [B/COM53] 20[0m
00000.172 [B/COM53] [32mINFO - UCN_UART_RAW BLOCKING_RX_WAIT role=B[0m
00000.172 [B/COM53] 20[0m
00000.172 [B/COM53] [32mINFO - UCN_UART_RAW BLOCKING_RX_WAIT role=B[0m
00000.172 [B/COM53] 20[0m
00000.172 [B/COM53] [32mINFO - UCN_UART_RAW BLOCKING_RX_WAIT role=B[0m
00000.172 [B/COM53] 20[0m
00000.172 [B/COM53] [32mINFO - UCN_UART_RAW BLOCKING_RX_WAIT role=B[0m
00000.172 [B/COM53] 20[0m
00000.172 [B/COM53] [32mINFO - UCN_UART_RAW BLOCKING_RX_WAIT role=B[0m
00000.172 [B/COM53] 20[0m
00000.172 [B/COM53] [32mINFO - UCN_UART_RAW BLOCKING_RX_WAIT role=B[0m
00000.172 [B/COM53] 20[0m
00000.172 [B/COM53] [32mINFO - UCN_UART_RAW BLOCKING_RX_WAIT role=B[0m
00000.172 [B/COM53] 20[0m
00000.172 [B/COM53] [32mINFO - UCN_UART_RAW BLOCKING_RX_WAIT role=B[0m
00000.172 [B/COM53] 20[0m
00000.172 [B/COM53] [32mINFO - UCN_UART_RAW BLOCKING_RX_WAIT role=B[0m
00000.172 [B/COM53] 20[0m
00000.172 [B/COM53] [32mINFO - UCN_UART_RAW BLOCKING_RX_WAIT role=B[0m
00000.172 [B/COM53] 20[0m
00000.172 [B/COM53] [32mINFO - UCN_UART_RAW BLOCKING_RX_WAIT role=B[0m
00000.172 [B/COM53] 20[0m
00000.172 [B/COM53] [32mINFO - UCN_UART_RAW BLOCKING_RX_WAIT role=B[0m
00000.172 [B/COM53] 20[0m
00000.188 [B/COM53] [32mINFO - UCN_UART_RAW BLOCKING_RX_WAIT role=B[0m
00000.188 [B/COM53] 20[0m
00000.188 [B/COM53] [32mINFO - UCN_UART_RAW BLOCKING_RX_WAIT role=B[0m
00000.188 [B/COM53] 20[0m
00000.188 [B/COM53] [32mINFO - UCN_UART_RAW BLOCKING_RX_WAIT role=B[0m
00000.188 [B/COM53] 20[0m
00000.188 [B/COM53] [32mINFO - UCN_UART_RAW BLOCKING_RX_WAIT role=B[0m
00000.188 [B/COM53] 20[0m
00000.188 [B/COM53] [32mINFO - UCN_UART_RAW BLOCKING_RX_WAIT role=B[0m
00000.188 [B/COM53] 20[0m
00000.188 [B/COM53] [32mINFO - UCN_UART_RAW BLOCKING_RX_WAIT role=B[0m
00000.188 [B/COM53] 20[0m
00000.188 [B/COM53] [32mINFO - UCN_UART_RAW BLOCKING_RX_WAIT role=B[0m
00000.188 [B/COM53] 20[0m
00000.188 [B/COM53] [32mINFO - UCN_UART_RAW BLOCKING_RX_WAIT role=B[0m
00000.188 [B/COM53] 20[0m
00000.188 [B/COM53] [32mINFO - UCN_UART_RAW BLOCKING_RX_WAIT role=B[0m
00000.188 [B/COM53] 20[0m
00000.188 [B/COM53] [32mINFO - UCN_UART_RAW BLOCKING_RX_WAIT role=B[0m
00000.188 [B/COM53] 20[0m
00000.188 [B/COM53] [32mINFO - UCN_UART_RAW BLOCKING_RX_WAIT role=B[0m
00000.188 [B/COM53] 20[0m
00000.188 [B/COM53] [32mINFO - UCN_UART_RAW BLOCKING_RX_WAIT role=B[0m
00000.188 [B/COM53] 20[0m
00000.188 [B/COM53] [32mINFO - UCN_UART_RAW BLOCKING_RX_WAIT role=B[0m
00000.188 [B/COM53] 20[0m
00000.188 [B/COM53] [32mINFO - UCN_UART_RAW BLOCKING_RX_WAIT role=B[0m
00000.188 [B/COM53] 20[0m
00000.188 [A/COM40] I (28) boot: ESP-IDF v6.1-beta1-497-g14f663f003e 2nd stage bootloader
00000.203 [B/COM53] [32mINFO - UCN_UART_RAW BLOCKING_RX_WAIT role=B[0m
00000.203 [B/COM53] 20[0m
00000.203 [A/COM40] I (28) boot: Multicore bootloader
00000.203 [B/COM53] [32mINFO - UCN_UART_RAW BLOCKING_RX_WAIT role=B[0m
00000.203 [B/COM53] 20[0m
00000.203 [B/COM53] [32mINFO - UCN_UART_RAW BLOCKING_RX_WAIT role=B[0m
00000.203 [B/COM53] 20[0m
00000.203 [B/COM53] [32mINFO - UCN_UART_RAW BLOCKING_RX_WAIT role=B[0m
00000.203 [B/COM53] 20[0m
00000.203 [A/COM40] I (28) boot: chip revision: v0.2
00000.203 [B/COM53] [32mINFO - UCN_UART_RAW BLOCKING_RX_WAIT role=B[0m
00000.203 [B/COM53] 20[0m
00000.203 [A/COM40] I (29) boot: efuse block revision: v1.4
00000.203 [B/COM53] [32mINFO - UCN_UART_RAW BLOCKING_RX_WAIT role=B[0m
00000.203 [B/COM53] 20[0m
00000.203 [B/COM53] [32mINFO - UCN_UART_RAW BLOCKING_RX_WAIT role=B[0m
00000.203 [B/COM53] 20[0m
00000.203 [B/COM53] [32mINFO - UCN_UART_RAW BLOCKING_RX_WAIT role=B[0m
00000.203 [B/COM53] 20[0m
00000.203 [B/COM53] [32mINFO - UCN_UART_RAW BLOCKING_RX_WAIT role=B[0m
00000.203 [B/COM53] 20[0m
00000.203 [A/COM40] I (32) boot.esp32s3: Boot SPI Speed : 40MHz
00000.203 [B/COM53] [32mINFO - UCN_UART_RAW BLOCKING_RX_WAIT role=B[0m
00000.203 [B/COM53] 20[0m
00000.203 [B/COM53] [32mINFO - UCN_UART_RAW BLOCKING_RX_WAIT role=B[0m
00000.203 [B/COM53] 20[0m
00000.203 [B/COM53] [32mINFO - UCN_UART_RAW BLOCKING_RX_WAIT role=B[0m
00000.203 [B/COM53] 20[0m
00000.203 [B/COM53] [32mINFO - UCN_UART_RAW BLOCKING_RX_WAIT role=B[0m
00000.203 [B/COM53] 20[0m
00000.219 [A/COM40] I (36) boot.esp32s3: SPI Mode       : DIO
00000.219 [B/COM53] [32mINFO - UCN_UART_RAW BLOCKING_RX_WAIT role=B[0m
00000.219 [B/COM53] 20[0m
00000.219 [B/COM53] [32mINFO - UCN_UART_RAW BLOCKING_RX_WAIT role=B[0m
00000.219 [B/COM53] 20[0m
00000.219 [B/COM53] [32mINFO - UCN_UART_RAW BLOCKING_RX_WAIT role=B[0m
00000.219 [B/COM53] 20[0m
00000.219 [B/COM53] [32mINFO - UCN_UART_RAW BLOCKING_RX_WAIT role=B[0m
00000.219 [B/COM53] 20[0m
00000.219 [B/COM53] [32mINFO - UCN_UART_RAW BLOCKING_RX_WAIT role=B[0m
00000.219 [B/COM53] 20[0m
00000.219 [A/COM40] I (40) boot.esp32s3: SPI Flash Size : 16MB
00000.219 [B/COM53] [32mINFO - UCN_UART_RAW BLOCKING_RX_WAIT role=B[0m
00000.219 [A/COM40] I (44) boot: Enabling RNG early entropy source...
00000.219 [B/COM53] 20[0m
00000.219 [B/COM53] [32mINFO - UCN_UART_RAW BLOCKING_RX_WAIT role=B[0m
00000.219 [B/COM53] 20[0m
00000.219 [B/COM53] [32mINFO - UCN_UART_RAW BLOCKING_RX_WAIT role=B[0m
00000.219 [B/COM53] 20[0m
00000.219 [B/COM53] [32mINFO - UCN_UART_RAW BLOCKING_RX_WAIT role=B[0m
00000.219 [B/COM53] 20[0m
00000.219 [B/COM53] [32mINFO - UCN_UART_RAW BLOCKING_RX_WAIT role=B[0m
00000.219 [B/COM53] 20[0m
00000.219 [A/COM40] I (48) boot: Partition Table:
00000.219 [B/COM53] [32mINFO - UCN_UART_RAW BLOCKING_RX_WAIT role=B[0m
00000.219 [B/COM53] 20[0m
00000.219 [B/COM53] [32mINFO - UCN_UART_RAW BLOCKING_RX_WAIT role=B[0m
00000.219 [B/COM53] 20[0m
00000.219 [B/COM53] [32mINFO - UCN_UART_RAW BLOCKING_RX_WAIT role=B[0m
00000.219 [B/COM53] 20[0m
00000.219 [B/COM53] [32mINFO - UCN_UART_RAW BLOCKING_RX_WAIT role=B[0m
00000.219 [B/COM53] 20[0m
00000.235 [B/COM53] [32mINFO - UCN_UART_RAW BLOCKING_RX_WAIT role=B[0m
00000.235 [B/COM53] 20[0m
00000.235 [A/COM40] I (51) boot: ## Label            Usage          Type ST Offset   Length
00000.235 [B/COM53] [32mINFO - UCN_UART_RAW BLOCKING_RX_WAIT role=B[0m
00000.235 [B/COM53] 20[0m
00000.235 [B/COM53] [32mINFO - UCN_UART_RAW BLOCKING_RX_WAIT role=B[0m
00000.235 [B/COM53] 20[0m
00000.235 [B/COM53] [32mINFO - UCN_UART_RAW BLOCKING_RX_WAIT role=B[0m
00000.235 [B/COM53] 20[0m
00000.235 [B/COM53] [32mINFO - UCN_UART_RAW BLOCKING_RX_WAIT role=B[0m
00000.235 [B/COM53] 20[0m
00000.235 [B/COM53] [32mINFO - UCN_UART_RAW BLOCKING_RX_WAIT role=B[0m
00000.235 [A/COM40] I (57) boot:  0 nvs              WiFi data        01 02 00009000 00006000
00000.235 [B/COM53] 20[0m
00000.235 [B/COM53] [32mINFO - UCN_UART_RAW BLOCKING_RX_WAIT role=B[0m
00000.235 [B/COM53] 20[0m
00000.235 [B/COM53] [32mINFO - UCN_UART_RAW BLOCKING_RX_WAIT role=B[0m
00000.235 [B/COM53] 20[0m
00000.235 [B/COM53] [32mINFO - UCN_UART_RAW BLOCKING_RX_WAIT role=B[0m
00000.235 [B/COM53] 20[0m
00000.235 [A/COM40] I (64) boot:  1 phy_init         RF data          01 01 0000f000 00001000
00000.235 [B/COM53] [32mINFO - UCN_UART_RAW BLOCKING_RX_WAIT role=B[0m
00000.235 [B/COM53] 20[0m
00000.235 [B/COM53] [32mINFO - UCN_UART_RAW BLOCKING_RX_WAIT role=B[0m
00000.235 [B/COM53] 20[0m
00000.235 [B/COM53] [32mINFO - UCN_UART_RAW BLOCKING_RX_WAIT role=B[0m
00000.235 [B/COM53] 20[0m
00000.250 [B/COM53] [32mINFO - UCN_UART_RAW BLOCKING_RX_WAIT role=B[0m
00000.250 [B/COM53] 20[0m
00000.250 [B/COM53] [32mINFO - UCN_UART_RAW BLOCKING_RX_WAIT role=B[0m
00000.250 [B/COM53] 20[0m
00000.250 [B/COM53] [32mINFO - UCN_UART_RAW BLOCKING_RX_WAIT role=B[0m
00000.250 [B/COM53] 20[0m
00000.250 [B/COM53] [32mINFO - UCN_UART_RAW BLOCKING_RX_WAIT role=B[0m
00000.250 [B/COM53] 20[0m
00000.250 [B/COM53] [32mINFO - UCN_UART_RAW BLOCKING_RX_WAIT role=B[0m
00000.250 [B/COM53] 20[0m
00000.250 [B/COM53] [32mINFO - UCN_UART_RAW BLOCKING_RX_WAIT role=B[0m
00000.250 [B/COM53] 20[0m
00000.250 [A/COM40] I (70) boot:  2 factory          factory app      00 00 00010000 00fa0000
00000.250 [B/COM53] [32mINFO - UCN_UART_RAW BLOCKING_RX_WAIT role=B[0m
00000.250 [B/COM53] 20[0m
00000.250 [A/COM40] I (77) boot: End of partition table
00000.250 [B/COM53] [32mINFO - UCN_UART_RAW BLOCKING_RX_WAIT role=B[0m
00000.250 [B/COM53] 20[0m
00000.250 [B/COM53] [32mINFO - UCN_UART_RAW BLOCKING_RX_WAIT role=B[0m
00000.250 [B/COM53] 20[0m
00000.250 [B/COM53] [32mINFO - UCN_UART_RAW BLOCKING_RX_WAIT role=B[0m
00000.250 [B/COM53] 20[0m
00000.250 [B/COM53] [32mINFO - UCN_UART_RAW BLOCKING_RX_WAIT role=B[0m
00000.250 [B/COM53] 20[0m
00000.250 [B/COM53] [32mINFO - UCN_UART_RAW BLOCKING_RX_WAIT role=B[0m
00000.250 [B/COM53] 20[0m
00000.250 [B/COM53] [32mINFO - UCN_UART_RAW BLOCKING_RX_WAIT role=B[0m
00000.250 [B/COM53] 20[0m
00000.266 [B/COM53] [32mINFO - UCN_UART_RAW BLOCKING_RX_WAIT role=B[0m
00000.266 [B/COM53] 20[0m
00000.266 [B/COM53] [32mINFO - UCN_UART_RAW BLOCKING_RX_WAIT role=B[0m
00000.266 [B/COM53] 20[0m
00000.266 [B/COM53] [32mINFO - UCN_UART_RAW BLOCKING_RX_WAIT role=B[0m
00000.266 [B/COM53] 20[0m
00000.266 [A/COM40] I (80) esp_image: segment 0: paddr=00010020 vaddr=3c000020 size=034c8h ( 13512) map
00000.266 [B/COM53] [32mINFO - UCN_UART_RAW BLOCKING_RX_WAIT role=B[0m
00000.266 [B/COM53] 20[0m
00000.266 [B/COM53] [32mINFO - UCN_UART_RAW BLOCKING_RX_WAIT role=B[0m
00000.266 [B/COM53] 20[0m
00000.266 [B/COM53] [32mINFO - UCN_UART_RAW BLOCKING_RX_WAIT role=B[0m
00000.266 [B/COM53] 20[0m
00000.266 [B/COM53] [32mINFO - UCN_UART_RAW BLOCKING_RX_WAIT role=B[0m
00000.266 [B/COM53] 20[0m
00000.266 [A/COM40] I (91) esp_image: segment 1: paddr=000134f0 vaddr=3fc897f8 size=0137ch (  4988) load
00000.266 [B/COM53] [32mINFO - UCN_UART_RAW BLOCKING_RX_WAIT role=B[0m
00000.266 [B/COM53] 20[0m
00000.266 [B/COM53] [32mINFO - UCN_UART_RAW BLOCKING_RX_WAIT role=B[0m
00000.266 [B/COM53] 20[0m
00000.266 [B/COM53] [32mINFO - UCN_UART_RAW BLOCKING_RX_WAIT role=B[0m
00000.266 [B/COM53] 20[0m
00000.266 [B/COM53] [32mINFO - UCN_UART_RAW BLOCKING_RX_WAIT role=B[0m
00000.266 [B/COM53] 20[0m
00000.266 [B/COM53] [32mINFO - UCN_UART_RAW BLOCKING_RX_WAIT role=B[0m
00000.266 [B/COM53] 20[0m
00000.266 [B/COM53] [32mINFO - UCN_UART_RAW BLOCKING_RX_WAIT role=B[0m
00000.266 [A/COM40] I (96) esp_image: segment 2: paddr=00014874 vaddr=40378000 size=017f8h (  6136) load
00000.266 [B/COM53] 20[0m
00000.266 [B/COM53] [32mINFO - UCN_UART_RAW BLOCKING_RX_WAIT role=B[0m
00000.266 [B/COM53] I (28) boot: ESP-IDF v6.1-beta1-497-g14f663f003e 2nd stage bootloader
00000.266 [B/COM53] I (28) boot: Multicore bootloader
00000.282 [B/COM53] I (28) boot: chip revision: v0.2
00000.282 [B/COM53] I (29) boot: efuse block revision: v1.4
00000.282 [B/COM53] I (32) boot.esp32s3: Boot SPI Speed : 40MHz
00000.282 [B/COM53] I (36) boot.esp32s3: SPI Mode       : DIO
00000.282 [B/COM53] I (40) boot.esp32s3: SPI Flash Size : 16MB
00000.282 [B/COM53] I (44) boot: Enabling RNG early entropy source...
00000.282 [B/COM53] I (48) boot: Partition Table:
00000.282 [B/COM53] I (51) boot: ## Label            Usage          Type ST Offset   Length
00000.282 [B/COM53] I (57) boot:  0 nvs              WiFi data        01 02 00009000 00006000
00000.282 [A/COM40] I (104) esp_image: segment 3: paddr=00016074 vaddr=00000000 size=09fa4h ( 40868) 
00000.282 [B/COM53] I (64) boot:  1 phy_init         RF data          01 01 0000f000 00001000
00000.282 [B/COM53] I (70) boot:  2 factory          factory app      00 00 00010000 00fa0000
00000.282 [A/COM40] I (120) esp_image: segment 4: paddr=00020020 vaddr=42010020 size=07f10h ( 32528) map
00000.282 [B/COM53] I (77) boot: End of partition table
00000.282 [B/COM53] I (80) esp_image: segment 0: paddr=00010020 vaddr=3c000020 size=034c8h ( 13512) map
00000.282 [B/COM53] I (91) esp_image: segment 1: paddr=000134f0 vaddr=3fc897f8 size=0137ch (  4988) load
00000.297 [B/COM53] I (96) esp_image: segment 2: paddr=00014874 vaddr=40378000 size=017f8h (  6136) load
00000.297 [B/COM53] I (104) esp_image: segment 3: paddr=00016074 vaddr=00000000 size=09fa4h ( 40868) 
00000.297 [B/COM53] I (120) esp_image: segment 4: paddr=00020020 vaddr=42010020 size=07f10h ( 32528) map
00000.297 [A/COM40] I (129) boot: Loaded app from partition at offset 0x10000
00000.297 [B/COM53] I (129) boot: Loaded app from partition at offset 0x10000
00000.297 [A/COM40] I (129) boot: Disabling RNG early entropy source...
00000.297 [B/COM53] I (129) boot: Disabling RNG early entropy source...
00000.313 [A/COM40] [32mINFO - UCN_UART_RAW READY role=A mac=7c:e8:b1:b1:ec:f4 uart=2 baud=115200 rx=GPIO19 tx=GPIO20[0m
00000.313 [B/COM53] [32mINFO - UCN_UART_RAW READY role=B mac=7c:4f:ad:2a:92:44 uart=2 baud=115200 rx=GPIO19 tx=GPIO20[0m
00000.328 [B/COM53] [32mINFO - UCN_UART_RAW BLOCKING_RX_WAIT role=B[0m
00005.313 [A/COM40] [32mINFO - UCN_UART_RAW SUMMARY role=A tx_frames=41 tx_bytes=164 rx_reads=0 rx_bytes=0 tx_errors=0 rx_errors=0[0m
00010.313 [A/COM40] [32mINFO - UCN_UART_RAW SUMMARY role=A tx_frames=91 tx_bytes=364 rx_reads=0 rx_bytes=0 tx_errors=0 rx_errors=0[0m
00015.313 [A/COM40] [32mINFO - UCN_UART_RAW SUMMARY role=A tx_frames=141 tx_bytes=564 rx_reads=0 rx_bytes=0 tx_errors=0 rx_errors=0[0m
00020.313 [A/COM40] [32mINFO - UCN_UART_RAW SUMMARY role=A tx_frames=191 tx_bytes=764 rx_reads=0 rx_bytes=0 tx_errors=0 rx_errors=0[0m
