00000.141 [B/COM53] OPEN
00000.141 [A/COM40] OPEN
00000.188 [B/COM53] I (28) boot: ESP-IDF v6.1-beta1-497-g14f663f003e 2nd stage bootloader
00000.188 [A/COM40] I (28) boot: ESP-IDF v6.1-beta1-497-g14f663f003e 2nd stage bootloader
00000.188 [B/COM53] I (28) boot: Multicore bootloader
00000.188 [A/COM40] I (28) boot: Multicore bootloader
00000.204 [B/COM53] I (28) boot: chip revision: v0.2
00000.204 [A/COM40] I (28) boot: chip revision: v0.2
00000.204 [B/COM53] I (29) boot: efuse block revision: v1.4
00000.204 [A/COM40] I (29) boot: efuse block revision: v1.4
00000.204 [B/COM53] I (32) boot.esp32s3: Boot SPI Speed : 40MHz
00000.204 [A/COM40] I (32) boot.esp32s3: Boot SPI Speed : 40MHz
00000.204 [B/COM53] I (36) boot.esp32s3: SPI Mode       : DIO
00000.204 [A/COM40] I (36) boot.esp32s3: SPI Mode       : DIO
00000.219 [B/COM53] I (40) boot.esp32s3: SPI Flash Size : 16MB
00000.219 [A/COM40] I (40) boot.esp32s3: SPI Flash Size : 16MB
00000.219 [B/COM53] I (44) boot: Enabling RNG early entropy source...
00000.219 [A/COM40] I (44) boot: Enabling RNG early entropy source...
00000.219 [B/COM53] I (48) boot: Partition Table:
00000.219 [A/COM40] I (48) boot: Partition Table:
00000.219 [B/COM53] I (51) boot: ## Label            Usage          Type ST Offset   Length
00000.219 [A/COM40] I (51) boot: ## Label            Usage          Type ST Offset   Length
00000.235 [B/COM53] I (57) boot:  0 nvs              WiFi data        01 02 00009000 00006000
00000.235 [A/COM40] I (57) boot:  0 nvs              WiFi data        01 02 00009000 00006000
00000.235 [B/COM53] I (64) boot:  1 phy_init         RF data          01 01 0000f000 00001000
00000.235 [A/COM40] I (64) boot:  1 phy_init         RF data          01 01 0000f000 00001000
00000.250 [B/COM53] I (70) boot:  2 factory          factory app      00 00 00010000 00fa0000
00000.250 [A/COM40] I (70) boot:  2 factory          factory app      00 00 00010000 00fa0000
00000.250 [B/COM53] I (77) boot: End of partition table
00000.250 [A/COM40] I (77) boot: End of partition table
00000.250 [B/COM53] I (80) esp_image: segment 0: paddr=00010020 vaddr=3c000020 size=03d84h ( 15748) map
00000.250 [A/COM40] I (80) esp_image: segment 0: paddr=00010020 vaddr=3c000020 size=03d84h ( 15748) map
00000.266 [B/COM53] I (91) esp_image: segment 1: paddr=00013dac vaddr=3fc897f8 size=01df0h (  7664) load
00000.266 [A/COM40] I (91) esp_image: segment 1: paddr=00013dac vaddr=3fc897f8 size=01df0h (  7664) load
00000.266 [B/COM53] I (97) esp_image: segment 2: paddr=00015ba4 vaddr=40378000 size=017f8h (  6136) load
00000.266 [A/COM40] I (97) esp_image: segment 2: paddr=00015ba4 vaddr=40378000 size=017f8h (  6136) load
00000.282 [B/COM53] I (104) esp_image: segment 3: paddr=000173a4 vaddr=00000000 size=08c74h ( 35956) 
00000.282 [A/COM40] I (104) esp_image: segment 3: paddr=000173a4 vaddr=00000000 size=08c74h ( 35956) 
00000.282 [B/COM53] I (118) esp_image: segment 4: paddr=00020020 vaddr=42010020 size=0a374h ( 41844) map
00000.282 [A/COM40] I (118) esp_image: segment 4: paddr=00020020 vaddr=42010020 size=0a374h ( 41844) map
00000.297 [B/COM53] I (131) boot: Loaded app from partition at offset 0x10000
00000.297 [A/COM40] I (131) boot: Loaded app from partition at offset 0x10000
00000.297 [B/COM53] I (131) boot: Disabling RNG early entropy source...
00000.297 [A/COM40] I (131) boot: Disabling RNG early entropy source...
00000.313 [B/COM53] [32mIUCN_RUNFO - UCN_RUST_UART READY role=B local=2 peer=1 baud=691200 rx=GPIO19 tx=GPIO20 link_generation=1[0m
00000.313 [B/COM53] rce...
00000.313 [A/COM40] [32mIUCN_RUNFO - UCN_RUST_UART READY role=A local=1 peer=2 baud=691200 rx=GPIO19 tx=GPIO20 link_generation=1[0m
00000.313 [A/COM40] rce...
00000.532 [A/COM40] [32mINFO - [32mINFO - UCN_RUST_UART READY role=A local=1 peer=2 baud=691200
00000.532 [B/COM53] [32mINFO - [32mINFO - UCN_RUST_UART READY role=B local=2 peer=1 baud=691200
00001.157 [A/COM40]  rx=GPIO19 tx=N_RUST_UART BACKPRESSURE token_slot=0 token_generation=1 attempt=2[0m
00001.172 [A/COM40] en_slot=0 token_generation=1 attempt=1[0m
00001.375 [A/COM40] [32mINFO - UCN_RUST_UART BACKPRESSURE tok
00001.657 [B/COM53]  rx=GPIO19 tx=N_RUST_UART BACKPRESSURE token_slot=0 token_generation=1 attempt=2[0m
00001.672 [B/COM53] en_slot=0 token_generation=1 attempt=1[0m
00001.875 [B/COM53] [32mINFO - UCN_RUST_UART BACKPRESSURE tok
00001.969 [A/COM40] en_slot=0 token_generation=1 attempt=2[0m
00002.172 [A/COM40] [33mWARN - UCN_RU
00002.469 [B/COM53] en_slot=0 token_generation=1 attempt=2[0m
00002.672 [B/COM53] [33mWARN - UCN_RU
00002.954 [A/COM40] ST_UART PING_TIMEOUT role=A sequence=1[0m
00003.172 [A/COM40] [33mWARN - UCN_RU
00003.454 [B/COM53] ST_UART PING_TIMEOUT role=B sequence=1[0m
00003.672 [B/COM53] [33mWARN - UCN_RU
00003.954 [A/COM40] ST_UART PING_TIMEOUT role=A sequence=2[0m
00004.172 [A/COM40] [33mWARN - UCN_RU
00004.454 [B/COM53] ST_UART PING_TIMEOUT role=B sequence=2[0m
00004.672 [B/COM53] [33mWARN - UCN_RU
00004.954 [A/COM40] ST_UART PING_TIMEOUT role=A sequence=3[0m
00005.172 [A/COM40] [33mWARN - UCN_RU
00005.454 [B/COM53] ST_UART PING_TIMEOUT role=B sequence=3[0m
00005.672 [B/COM53] [33mWARN - UCN_RU
00005.954 [A/COM40] ST_UART PING_TIMEOUT role=A sequence=4[0m
00006.172 [A/COM40] [33mWARN - UCN_RU
00006.454 [B/COM53] ST_UART PING_TIMEOUT role=B sequence=4[0m
00006.672 [B/COM53] [33mWARN - UCN_RU
00006.954 [A/COM40] ST_UART PING_TIMEOUT role=A sequence=5[0m
00007.172 [A/COM40] [33mWARN - UCN_RU
00007.454 [B/COM53] ST_UART PING_TIMEOUT role=B sequence=5[0m
00007.672 [B/COM53] [33mWARN - UCN_RU
00007.954 [A/COM40] ST_UART PING_TIMEOUT role=A sequence=6[0m
00008.157 [A/COM40] [33mWARN - UCN_RU
00008.454 [B/COM53] ST_UART PING_TIMEOUT role=B sequence=6[0m
00008.657 [B/COM53] [33mWARN - UCN_RU
00008.954 [A/COM40] ST_UART PING_TIMEOUT role=A sequence=7[0m
00009.157 [A/COM40] [33mWARN - UCN_RU
00009.454 [B/COM53] ST_UART PING_TIMEOUT role=B sequence=7[0m
00009.657 [B/COM53] [33mWARN - UCN_RU
00009.954 [A/COM40] ST_UART PING_TIMEOUT role=A sequence=8[0m
00010.157 [B/COM53] ST_avg_us=0 rtt_max_us=0 backpressure=2 carrier_err=0 wire_err=0 seq_err=0 tx_err=0 rx_err=0[0m
00010.172 [A/COM40] [33mWARN - UCN_RUSTt_avg_us=0 rtt_max_us=0 backpressure=2 carrier_err=0 wire_err=0 seq_err=0 tx_err=0 rx_err=0[0m
00010.375 [B/COM53] g_ok=0 timeout=8 rtt_min_us=0 rtt_avg_us=0 rtt_max_us=0 backpressure=2 carrier_err=0 
00010.375 [A/COM40] g_ok=0 timeout=9 rtt_min_us=0 rtt_avg_us=0 rtt_max_us=0 backpressure=2 carrier_err=0 
00010.454 [B/COM53] wire_err=0 seq_err=0 tx_err=0 rx_err=0[0m
00010.657 [B/COM53] [33mWARN - UCN_RU
00010.954 [A/COM40] wire_err=0 seq_err=0 tx_err=0 rx_err=0[0m
00011.157 [A/COM40] [33mWARN - UCN_RUS
00011.454 [B/COM53] ST_UART PING_TIMEOUT role=B sequence=9[0m
00011.657 [B/COM53] [33mWARN - UCN_RUS
00011.954 [A/COM40] T_UART PING_TIMEOUT role=A sequence=10[0m
00012.157 [A/COM40] [33mWARN - UCN_RUS
00012.454 [B/COM53] T_UART PING_TIMEOUT role=B sequence=10[0m
00012.672 [B/COM53] [33mWARN - UCN_RUS
00012.954 [A/COM40] T_UART PING_TIMEOUT role=A sequence=11[0m
00013.172 [A/COM40] [33mWARN - UCN_RUS
00013.454 [B/COM53] T_UART PING_TIMEOUT role=B sequence=11[0m
00013.672 [B/COM53] [33mWARN - UCN_RUS
00013.954 [A/COM40] T_UART PING_TIMEOUT role=A sequence=12[0m
00014.172 [A/COM40] [33mWARN - UCN_RUS
00014.454 [B/COM53] T_UART PING_TIMEOUT role=B sequence=12[0m
00014.672 [B/COM53] [33mWARN - UCN_RUS
00014.954 [A/COM40] T_UART PING_TIMEOUT role=A sequence=13[0m
00015.172 [A/COM40] [33mWARN - UCN_RUS
00015.454 [B/COM53] T_UART PING_TIMEOUT role=B sequence=13[0m
00015.672 [B/COM53] [33mWARN - UCN_RUS
00015.954 [A/COM40] T_UART PING_TIMEOUT role=A sequence=14[0m
00016.172 [A/COM40] [33mWARN - UCN_RUS
00016.454 [B/COM53] T_UART PING_TIMEOUT role=B sequence=14[0m
00016.672 [B/COM53] [33mWARN - UCN_RUS
00016.954 [A/COM40] T_UART PING_TIMEOUT role=A sequence=15[0m
00017.157 [A/COM40] [33mWARN - UCN_RUS
00017.454 [B/COM53] T_UART PING_TIMEOUT role=B sequence=15[0m
00017.672 [B/COM53] [33mWARN - UCN_RUS
00017.954 [A/COM40] T_UART PING_TIMEOUT role=A sequence=16[0m
00018.157 [A/COM40] [33mWARN - UCN_RUS
00018.454 [B/COM53] T_UART PING_TIMEOUT role=B sequence=16[0m
00018.657 [B/COM53] [33mWARN - UCN_RUS
00018.954 [A/COM40] T_UART PING_TIMEOUT role=A sequence=17[0m
00019.157 [A/COM40] [33mWARN - UCN_RUS
00019.454 [B/COM53] T_UART PING_TIMEOUT role=B sequence=17[0m
00019.672 [B/COM53] [33mWARN - UCN_RUS
00019.954 [A/COM40] T_UART PING_TIMEOUT role=A sequence=18[0m
00020.157 [B/COM53] T_tt_avg_us=0 rtt_max_us=0 backpressure=2 carrier_err=0 wire_err=0 seq_err=0 tx_err=0 rx_err=0[0m
00020.172 [A/COM40] [33mWARN - UCN_RUST_tt_avg_us=0 rtt_max_us=0 backpressure=2 carrier_err=0 wire_err=0 seq_err=0 tx_err=0 rx_err=0[0m
00020.375 [B/COM53] _ok=0 timeout=18 rtt_min_us=0 rtt_avg_us=0 rtt_max_us=0 backpressure=2 carrier_err=0 
00020.375 [A/COM40] _ok=0 timeout=19 rtt_min_us=0 rtt_avg_us=0 rtt_max_us=0 backpressure=2 carrier_err=0 
00020.454 [B/COM53] wire_err=0 seq_err=0 tx_err=0 rx_err=0[0m
00020.672 [B/COM53] [33mWARN - UCN_RUS
00020.954 [A/COM40] wire_err=0 seq_err=0 tx_err=0 rx_err=0[0m
00021.172 [A/COM40] [33mWARN - UCN_RUS
00021.454 [B/COM53] T_UART PING_TIMEOUT role=B sequence=19[0m
00021.672 [B/COM53] [33mWARN - UCN_RUS
00021.954 [A/COM40] T_UART PING_TIMEOUT role=A sequence=20[0m
00022.172 [A/COM40] [33mWARN - UCN_RUS
00022.454 [B/COM53] T_UART PING_TIMEOUT role=B sequence=20[0m
00022.672 [B/COM53] [33mWARN - UCN_RUS
00022.954 [A/COM40] T_UART PING_TIMEOUT role=A sequence=21[0m
00023.157 [A/COM40] [33mWARN - UCN_RUS
00023.454 [B/COM53] T_UART PING_TIMEOUT role=B sequence=21[0m
00023.657 [B/COM53] [33mWARN - UCN_RUS
00023.954 [A/COM40] T_UART PING_TIMEOUT role=A sequence=22[0m
00024.172 [A/COM40] [33mWARN - UCN_RUS
00024.454 [B/COM53] T_UART PING_TIMEOUT role=B sequence=22[0m
00024.672 [B/COM53] [33mWARN - UCN_RUS
00024.954 [A/COM40] T_UART PING_TIMEOUT role=A sequence=23[0m
00025.172 [A/COM40] [33mWARN - UCN_RUS
00025.454 [B/COM53] T_UART PING_TIMEOUT role=B sequence=23[0m
00025.672 [B/COM53] [33mWARN - UCN_RUS
00025.954 [A/COM40] T_UART PING_TIMEOUT role=A sequence=24[0m
00026.157 [A/COM40] [33mWARN - UCN_RUS
00026.454 [B/COM53] T_UART PING_TIMEOUT role=B sequence=24[0m
00026.672 [B/COM53] [33mWARN - UCN_RUS
00026.954 [A/COM40] T_UART PING_TIMEOUT role=A sequence=25[0m
00027.157 [A/COM40] [33mWARN - UCN_RUS
00027.454 [B/COM53] T_UART PING_TIMEOUT role=B sequence=25[0m
00027.657 [B/COM53] [33mWARN - UCN_RUS
00027.954 [A/COM40] T_UART PING_TIMEOUT role=A sequence=26[0m
00028.157 [A/COM40] [33mWARN - UCN_RUS
00028.454 [B/COM53] T_UART PING_TIMEOUT role=B sequence=26[0m
00028.672 [B/COM53] [33mWARN - UCN_RUS
00028.954 [A/COM40] T_UART PING_TIMEOUT role=A sequence=27[0m
00029.172 [A/COM40] [33mWARN - UCN_RUS
00029.454 [B/COM53] T_UART PING_TIMEOUT role=B sequence=27[0m
00029.672 [B/COM53] [33mWARN - UCN_RUS
00029.954 [A/COM40] T_UART PING_TIMEOUT role=A sequence=28[0m
00030.157 [B/COM53] T_tt_avg_us=0 rtt_max_us=0 backpressure=2 carrier_err=0 wire_err=0 seq_err=0 tx_err=0 rx_err=0[0m
00030.172 [A/COM40] [33mWARN - UCN_RUST_tt_avg_us=0 rtt_max_us=0 backpressure=2 carrier_err=0 wire_err=0 seq_err=0 tx_err=0 rx_err=0[0m
00030.375 [A/COM40] _ok=0 timeout=29 rtt_min_us=0 rtt_avg_us=0 rtt_max_us=0 backpressure=2 carrier_err=0 
00030.375 [B/COM53] _ok=0 timeout=28 rtt_min_us=0 rtt_avg_us=0 rtt_max_us=0 backpressure=2 carrier_err=0 
00030.454 [B/COM53] wire_err=0 seq_err=0 tx_err=0 rx_err=0[0m
00030.672 [B/COM53] [33mWARN - UCN_RUS
00030.954 [A/COM40] wire_err=0 seq_err=0 tx_err=0 rx_err=0[0m
00031.157 [A/COM40] [33mWARN - UCN_RUS
00031.454 [B/COM53] T_UART PING_TIMEOUT role=B sequence=29[0m
00031.672 [B/COM53] [33mWARN - UCN_RUS
00031.954 [A/COM40] T_UART PING_TIMEOUT role=A sequence=30[0m
00032.157 [A/COM40] [33mWARN - UCN_RUS
00032.454 [B/COM53] T_UART PING_TIMEOUT role=B sequence=30[0m
00032.657 [B/COM53] [33mWARN - UCN_RUS
00032.954 [A/COM40] T_UART PING_TIMEOUT role=A sequence=31[0m
00033.157 [A/COM40] [33mWARN - UCN_RUS
00033.454 [B/COM53] T_UART PING_TIMEOUT role=B sequence=31[0m
00033.657 [B/COM53] [33mWARN - UCN_RUS
00033.954 [A/COM40] T_UART PING_TIMEOUT role=A sequence=32[0m
00034.157 [A/COM40] [33mWARN - UCN_RUS
00034.454 [B/COM53] T_UART PING_TIMEOUT role=B sequence=32[0m
00034.672 [B/COM53] [33mWARN - UCN_RUS
00034.954 [A/COM40] T_UART PING_TIMEOUT role=A sequence=33[0m
00035.172 [A/COM40] [33mWARN - UCN_RUS
