==== [nano] configure ====
-- The C compiler identification is GNU 13.3.0
-- Detecting C compiler ABI info
-- Detecting C compiler ABI info - done
-- Check for working C compiler: /usr/bin/cc - skipped
-- Detecting C compile features
-- Detecting C compile features - done
-- UCN profile: NANO; Service: ON
-- Configuring done (4.7s)
-- Generating done (0.5s)
-- Build files have been written to: /mnt/e/File/MESH/UCN/build-m00-nano
==== [nano] build ====
[1/64] Building C object CMakeFiles/ucn_core.dir/src/core/ucn_endpoint.c.o
[2/64] Building C object CMakeFiles/ucn_core.dir/src/core/ucn_core.c.o
[3/64] Building C object CMakeFiles/ucn_core.dir/src/core/ucn_frame.c.o
[4/64] Building C object CMakeFiles/ucn_core.dir/src/core/ucn_link_cost.c.o
[5/64] Building C object CMakeFiles/ucn_core.dir/src/transport/ucn_adapter.c.o
[6/64] Building C object CMakeFiles/ucn_core.dir/src/transport/ucn_event_runtime.c.o
[7/64] Building C object CMakeFiles/ucn_core.dir/src/transport/ucn_standard_adapter.c.o
[8/64] Building C object CMakeFiles/ucn_core.dir/src/transport/ucn_protocol_owner.c.o
[9/64] Building C object CMakeFiles/ucn_core.dir/src/adapters/can/ucn_can_source.c.o
[10/64] Building C object CMakeFiles/ucn_core.dir/src/adapters/stream/ucn_stream_source.c.o
[11/64] Building C object CMakeFiles/ucn_core.dir/src/node/ucn_node_nano.c.o
[12/64] Building C object CMakeFiles/ucn_core.dir/src/node/ucn_profile_stubs.c.o
[13/64] Building C object CMakeFiles/ucn_core.dir/src/service/ucn_service.c.o
[14/64] Building C object CMakeFiles/ucn_core.dir/src/service/ucn_service_bridge.c.o
[15/64] Building C object CMakeFiles/ucn_transfer.dir/src/extended/ucn_transfer.c.o
[16/64] Building C object CMakeFiles/ucn_cluster_sim.dir/tools/ucn_cluster_sim.c.o
[17/64] Building C object CMakeFiles/ucn_cluster.dir/src/extended/ucn_cluster.c.o
[18/64] Building C object CMakeFiles/ucn_cluster_federation.dir/src/extended/ucn_cluster_federation.c.o
[19/64] Building C object CMakeFiles/ucn_port_bare_metal.dir/src/ports/ucn_port_bare_metal.c.o
[20/64] Building C object CMakeFiles/ucn_port_freertos.dir/src/ports/ucn_port_freertos.c.o
[21/64] Building C object CMakeFiles/ucn_port_zephyr.dir/src/ports/ucn_port_zephyr.c.o
[22/64] Building C object CMakeFiles/ucn_port_nuttx.dir/src/ports/ucn_port_nuttx.c.o
[23/64] Building C object CMakeFiles/ucn_port_rtthread.dir/src/ports/ucn_port_rtthread.c.o
[24/64] Building C object CMakeFiles/ucn_port_host_fake.dir/src/ports/ucn_port_host_fake.c.o
[25/64] Building C object CMakeFiles/ucn_tests.dir/tests/test_main.c.o
[26/64] Building C object CMakeFiles/ucn_tests.dir/tests/test_core.c.o
[27/64] Building C object CMakeFiles/ucn_tests.dir/tests/test_frame.c.o
[28/64] Building C object CMakeFiles/ucn_tests.dir/tests/test_wire_profile.c.o
[29/64] Building C object CMakeFiles/ucn_tests.dir/tests/test_node_wire_profile.c.o
[30/64] Building C object CMakeFiles/ucn_tests.dir/tests/test_node.c.o
[31/64] Building C object CMakeFiles/ucn_tests.dir/tests/test_virtual_link.c.o
[32/64] Building C object CMakeFiles/ucn_tests.dir/tests/test_qos.c.o
[33/64] Building C object CMakeFiles/ucn_tests.dir/tests/test_route.c.o
[34/64] Building C object CMakeFiles/ucn_tests.dir/tests/test_duplicate_window.c.o
[35/64] Building C object CMakeFiles/ucn_tests.dir/tests/test_host_boundary.c.o
[36/64] Building C object CMakeFiles/ucn_tests.dir/tests/test_endpoint.c.o
[37/64] Building C object CMakeFiles/ucn_tests.dir/tests/test_adapter.c.o
[38/64] Building C object CMakeFiles/ucn_tests.dir/tests/test_standard_adapter.c.o
[39/64] Building C object CMakeFiles/ucn_tests.dir/tests/test_link_cost.c.o
[40/64] Building C object CMakeFiles/ucn_tests.dir/tests/test_event_runtime.c.o
[41/64] Building C object CMakeFiles/ucn_tests.dir/tests/test_stream_source.c.o
[42/64] Building C object CMakeFiles/ucn_tests.dir/tests/test_can_source.c.o
[43/64] Building C object CMakeFiles/ucn_tests.dir/tests/test_protocol_owner.c.o
[44/64] Building C object CMakeFiles/ucn_tests.dir/tests/test_profile.c.o
[45/64] Building C object CMakeFiles/ucn_tests.dir/tests/test_public_headers.c.o
[46/64] Building C object CMakeFiles/ucn_tests.dir/tests/test_node_storage_header.c.o
[47/64] Building C object CMakeFiles/ucn_tests.dir/tests/test_transfer.c.o
[48/64] Building C object CMakeFiles/ucn_tests.dir/tests/test_cluster.c.o
[49/64] Building C object CMakeFiles/ucn_tests.dir/tests/test_cluster_federation.c.o
[50/64] Building C object CMakeFiles/ucn_tests.dir/tests/cluster_test_fixture.c.o
[51/64] Building C object CMakeFiles/ucn_tests.dir/tests/test_service.c.o
[52/64] Building C object CMakeFiles/ucn_tests.dir/tests/test_service_bridge.c.o
[53/64] Linking C static library libucn_core.a
[54/64] Linking C static library libucn_port_bare_metal.a
[55/64] Linking C static library libucn_port_zephyr.a
[56/64] Linking C static library libucn_port_freertos.a
[57/64] Linking C static library libucn_transfer.a
[58/64] Linking C static library libucn_port_nuttx.a
[59/64] Linking C static library libucn_port_rtthread.a
[60/64] Linking C static library libucn_port_host_fake.a
[61/64] Linking C static library libucn_cluster.a
[62/64] Linking C static library libucn_cluster_federation.a
[63/64] Linking C executable ucn_cluster_sim
[64/64] Linking C executable ucn_tests
==== [nano] ctest ====
Internal ctest changing into directory: /mnt/e/File/MESH/UCN/build-m00-nano
Test project /mnt/e/File/MESH/UCN/build-m00-nano
      Start  1: ucn_tests
 1/12 Test  #1: ucn_tests ...........................   Passed    0.07 sec
      Start  2: ucn_cluster_64_convergence
 2/12 Test  #2: ucn_cluster_64_convergence ..........   Passed    0.02 sec
      Start  3: ucn_cluster_64_impaired
 3/12 Test  #3: ucn_cluster_64_impaired .............   Passed    0.09 sec
      Start  4: ucn_cluster_256_convergence
 4/12 Test  #4: ucn_cluster_256_convergence .........   Passed    0.07 sec
      Start  5: ucn_cluster_256_impaired
 5/12 Test  #5: ucn_cluster_256_impaired ............   Passed    0.22 sec
      Start  6: ucn_cluster_1000_convergence
 6/12 Test  #6: ucn_cluster_1000_convergence ........   Passed    0.21 sec
      Start  7: ucn_cluster_1000_impaired
 7/12 Test  #7: ucn_cluster_1000_impaired ...........   Passed    1.00 sec
      Start  8: ucn_cluster_64_head-failover
 8/12 Test  #8: ucn_cluster_64_head-failover ........   Passed    0.03 sec
      Start  9: ucn_cluster_64_mobility
 9/12 Test  #9: ucn_cluster_64_mobility .............   Passed    0.03 sec
      Start 10: ucn_cluster_64_score-shift
10/12 Test #10: ucn_cluster_64_score-shift ..........   Passed    0.02 sec
      Start 11: ucn_cluster_64_fast_head_failover
11/12 Test #11: ucn_cluster_64_fast_head_failover ...   Passed    0.04 sec
      Start 12: ucn_cluster_64_fast_impaired
12/12 Test #12: ucn_cluster_64_fast_impaired ........   Passed    0.07 sec

100% tests passed, 0 tests failed out of 12

Total Test time (real) =   2.05 sec
[nano] ALL_OK
