==== [analyzer] configure ====
-- UCN profile: FULL; Service: ON
-- Configuring done (0.1s)
-- Generating done (0.9s)
-- Build files have been written to: /mnt/e/File/MESH/UCN/build-m00-analyzer
==== [analyzer] build ====
ninja: no work to do.
==== [analyzer] ctest ====
Internal ctest changing into directory: /mnt/e/File/MESH/UCN/build-m00-analyzer
Test project /mnt/e/File/MESH/UCN/build-m00-analyzer
      Start  1: ucn_tests
 1/22 Test  #1: ucn_tests ..............................   Passed    1.22 sec
      Start  2: ucn_cluster_64_convergence
 2/22 Test  #2: ucn_cluster_64_convergence .............   Passed    0.02 sec
      Start  3: ucn_cluster_64_impaired
 3/22 Test  #3: ucn_cluster_64_impaired ................   Passed    0.08 sec
      Start  4: ucn_cluster_256_convergence
 4/22 Test  #4: ucn_cluster_256_convergence ............   Passed    0.07 sec
      Start  5: ucn_cluster_256_impaired
 5/22 Test  #5: ucn_cluster_256_impaired ...............   Passed    0.28 sec
      Start  6: ucn_cluster_1000_convergence
 6/22 Test  #6: ucn_cluster_1000_convergence ...........   Passed    0.26 sec
      Start  7: ucn_cluster_1000_impaired
 7/22 Test  #7: ucn_cluster_1000_impaired ..............   Passed    1.01 sec
      Start  8: ucn_cluster_64_head-failover
 8/22 Test  #8: ucn_cluster_64_head-failover ...........   Passed    0.04 sec
      Start  9: ucn_cluster_64_mobility
 9/22 Test  #9: ucn_cluster_64_mobility ................   Passed    0.04 sec
      Start 10: ucn_cluster_64_score-shift
10/22 Test #10: ucn_cluster_64_score-shift .............   Passed    0.02 sec
      Start 11: ucn_cluster_64_fast_head_failover
11/22 Test #11: ucn_cluster_64_fast_head_failover ......   Passed    0.05 sec
      Start 12: ucn_cluster_64_fast_impaired
12/22 Test #12: ucn_cluster_64_fast_impaired ...........   Passed    0.07 sec
      Start 13: ucn_scale_w0_smoke
13/22 Test #13: ucn_scale_w0_smoke .....................   Passed    0.02 sec
      Start 14: ucn_scale_w1_smoke
14/22 Test #14: ucn_scale_w1_smoke .....................   Passed    0.02 sec
      Start 15: ucn_scale_w2_smoke
15/22 Test #15: ucn_scale_w2_smoke .....................   Passed    0.02 sec
      Start 16: ucn_scale_w3_smoke
16/22 Test #16: ucn_scale_w3_smoke .....................   Passed    0.02 sec
      Start 17: ucn_scale_mixed_smoke
17/22 Test #17: ucn_scale_mixed_smoke ..................   Passed    0.02 sec
      Start 18: ucn_scale_tree_capacity_contract
18/22 Test #18: ucn_scale_tree_capacity_contract .......   Passed    0.01 sec
      Start 19: ucn_scale_w0_address_limit_reject
19/22 Test #19: ucn_scale_w0_address_limit_reject ......   Passed    0.01 sec
      Start 20: ucn_scale_mixed_address_limit_reject
20/22 Test #20: ucn_scale_mixed_address_limit_reject ...   Passed    0.01 sec
      Start 21: ucn_scale_auto_smoke
21/22 Test #21: ucn_scale_auto_smoke ...................   Passed    0.02 sec
      Start 22: ucn_scale_end_to_end_smoke
22/22 Test #22: ucn_scale_end_to_end_smoke .............   Passed    0.02 sec

100% tests passed, 0 tests failed out of 22

Total Test time (real) =   3.53 sec
