00000.156 [B/COM53] OPEN
00000.156 [C/COM58] OPEN
00000.156 [D/COM56] OPEN
00000.187 [B/COM53] I (28) boot: ESP-IDF v6.1-beta1-497-g14f663f003e 2nd stage bootloader
00000.187 [C/COM58] I (28) boot: ESP-IDF v6.1-beta1-497-g14f663f003e 2nd stage bootloader
00000.187 [B/COM53] I (28) boot: Multicore bootloader
00000.187 [D/COM56] I (28) boot: ESP-IDF v6.1-beta1-497-g14f663f003e 2nd stage bootloader
00000.187 [C/COM58] I (28) boot: Multicore bootloader
00000.203 [D/COM56] I (28) boot: Multicore bootloader
00000.203 [B/COM53] I (28) boot: chip revision: v0.2
00000.203 [C/COM58] I (28) boot: chip revision: v0.2
00000.203 [D/COM56] I (28) boot: chip revision: v0.2
00000.203 [B/COM53] I (29) boot: efuse block revision: v1.4
00000.203 [C/COM58] I (29) boot: efuse block revision: v1.4
00000.203 [D/COM56] I (29) boot: efuse block revision: v1.4
00000.203 [B/COM53] I (32) boot.esp32s3: Boot SPI Speed : 40MHz
00000.203 [C/COM58] I (32) boot.esp32s3: Boot SPI Speed : 40MHz
00000.203 [D/COM56] I (32) boot.esp32s3: Boot SPI Speed : 40MHz
00000.203 [B/COM53] I (36) boot.esp32s3: SPI Mode       : DIO
00000.203 [C/COM58] I (36) boot.esp32s3: SPI Mode       : DIO
00000.219 [D/COM56] I (36) boot.esp32s3: SPI Mode       : DIO
00000.219 [B/COM53] I (40) boot.esp32s3: SPI Flash Size : 16MB
00000.219 [C/COM58] I (40) boot.esp32s3: SPI Flash Size : 16MB
00000.219 [D/COM56] I (40) boot.esp32s3: SPI Flash Size : 16MB
00000.219 [B/COM53] I (44) boot: Enabling RNG early entropy source...
00000.219 [C/COM58] I (44) boot: Enabling RNG early entropy source...
00000.219 [D/COM56] I (44) boot: Enabling RNG early entropy source...
00000.219 [B/COM53] I (48) boot: Partition Table:
00000.219 [C/COM58] I (48) boot: Partition Table:
00000.219 [D/COM56] I (48) boot: Partition Table:
00000.219 [B/COM53] I (51) boot: ## Label            Usage          Type ST Offset   Length
00000.234 [C/COM58] I (51) boot: ## Label            Usage          Type ST Offset   Length
00000.234 [D/COM56] I (51) boot: ## Label            Usage          Type ST Offset   Length
00000.234 [B/COM53] I (57) boot:  0 nvs              WiFi data        01 02 00009000 00006000
00000.234 [C/COM58] I (57) boot:  0 nvs              WiFi data        01 02 00009000 00006000
00000.234 [D/COM56] I (57) boot:  0 nvs              WiFi data        01 02 00009000 00006000
00000.234 [B/COM53] I (64) boot:  1 phy_init         RF data          01 01 0000f000 00001000
00000.234 [C/COM58] I (64) boot:  1 phy_init         RF data          01 01 0000f000 00001000
00000.234 [D/COM56] I (64) boot:  1 phy_init         RF data          01 01 0000f000 00001000
00000.250 [B/COM53] I (70) boot:  2 factory          factory app      00 00 00010000 00fa0000
00000.250 [C/COM58] I (70) boot:  2 factory          factory app      00 00 00010000 00fa0000
00000.250 [D/COM56] I (70) boot:  2 factory          factory app      00 00 00010000 00fa0000
00000.250 [B/COM53] I (77) boot: End of partition table
00000.250 [C/COM58] I (77) boot: End of partition table
00000.250 [D/COM56] I (77) boot: End of partition table
00000.250 [B/COM53] I (80) esp_image: segment 0: paddr=00010020 vaddr=3c000020 size=046a0h ( 18080) map
00000.250 [C/COM58] I (80) esp_image: segment 0: paddr=00010020 vaddr=3c000020 size=046a0h ( 18080) map
00000.266 [D/COM56] I (80) esp_image: segment 0: paddr=00010020 vaddr=3c000020 size=046a0h ( 18080) map
00000.266 [B/COM53] I (92) esp_image: segment 1: paddr=000146c8 vaddr=3fc89ac8 size=01f8ch (  8076) load
00000.266 [C/COM58] I (92) esp_image: segment 1: paddr=000146c8 vaddr=3fc89ac8 size=01f8ch (  8076) load
00000.266 [D/COM56] I (92) esp_image: segment 1: paddr=000146c8 vaddr=3fc89ac8 size=01f8ch (  8076) load
00000.266 [B/COM53] I (97) esp_image: segment 2: paddr=0001665c vaddr=40378000 size=01ac8h (  6856) load
00000.266 [C/COM58] I (97) esp_image: segment 2: paddr=0001665c vaddr=40378000 size=01ac8h (  6856) load
00000.266 [D/COM56] I (97) esp_image: segment 2: paddr=0001665c vaddr=40378000 size=01ac8h (  6856) load
00000.281 [B/COM53] I (104) esp_image: segment 3: paddr=0001812c vaddr=00000000 size=07eech ( 32492) 
00000.281 [C/COM58] I (104) esp_image: segment 3: paddr=0001812c vaddr=00000000 size=07eech ( 32492) 
00000.281 [D/COM56] I (104) esp_image: segment 3: paddr=0001812c vaddr=00000000 size=07eech ( 32492) 
00000.281 [B/COM53] I (118) esp_image: segment 4: paddr=00020020 vaddr=42010020 size=10004h ( 65540) map
00000.281 [C/COM58] I (118) esp_image: segment 4: paddr=00020020 vaddr=42010020 size=10004h ( 65540) map
00000.281 [D/COM56] I (118) esp_image: segment 4: paddr=00020020 vaddr=42010020 size=10004h ( 65540) map
00000.297 [B/COM53] I (136) boot: Loaded app from partition at offset 0x10000
00000.297 [C/COM58] I (136) boot: Loaded app from partition at offset 0x10000
00000.297 [D/COM56] I (136) boot: Loaded app from partition at offset 0x10000
00000.297 [B/COM53] I (136) boot: Disabling RNG early entropy source...
00000.297 [C/COM58] I (136) boot: Disabling RNG early entropy source...
00000.297 [D/COM56] I (136) boot: Disabling RNG early entropy source...
00000.312 [B/COM53] [32mINFUCN_RUST_R- UCN_RUST_ROUTE READY role=B topology=B-C-D baud=691200 link=1 peer=3 rx=GPIO19 tx=GPIO20[0m
00000.312 [C/COM58] [32mINFUCN_RUST_ROUUCN_RUST_ROUTE READY role=C topology=B-C-D baud=691200 west=GPIO19/20 east=GPIO15/16[0m
00000.312 [D/COM56] [32mINFUCN_RUST_ - UCN_RUST_ROUTE READY role=D topology=B-C-D baud=691200 link=2 peer=3 rx=GPIO15 tx=GPIO16[0m
00000.328 [B/COM53] [32mINFO - V6R READY B[0m
00000.328 [C/COM58] [32mINFO - V6R READY C[0m
00000.328 [D/COM56] [32mINFO - V6R READY D[0m
00000.328 [C/COM58] [32mINFO - UCN_RUST_ROUTE READY role=C topology=B-C-D baud=691200 west=GPIO19/20 east=GPIO15/16[0m
00000.328 [B/COM53] INFO - UCN_RUST_ROUTE READY role=B topology=B-C-D baud=691200 link=1 peer=3 rx=GPIO19 tx=GPIO20[0m
00000.328 [D/COM56] INFO - UCN_RUST_ROUTE READY role=D topology=B-C-D baud=691200 link=2 peer=3 rx=GPIO15 tx=GPIO16[0m
00001.844 [D/COM56] [32mINFO -
00001.844 [B/COM53] [32mINFO -
00001.844 [C/COM58] [32mINFO -
00002.156 [B/COM53]  Vusal=100[0m
00002.156 [B/COM53] [32mINFO - V6R ROUTE B INITIAL[0m
00002.172 [B/COM53] [32mINFO - UCN_RUST_ROUTE RERR_GUARD role=B preserved=1[0m
00002.172 [B/COM53] [32mINFO - V6R RERR B[0m
00002.172 [B/COM53] [0m
00002.172 [B/COM53] [32mINFO - V6R ROUTE B INITIAL[0m
00002.187 [B/COM53] [32mINFO - UCN_RUST_ROUTE RERR_GUARD role=B preserved=1[0m
00003.156 [C/COM58]  V6R READY C[0m
00003.172 [D/COM56]  Vusal=200[0m
00003.172 [D/COM56] [32mINFO - V6R ROUTE D INITIAL[0m
00003.172 [C/COM58] [32mINFO - UCN_RUST_ROUTE RELAY_PATHS_READY role=C routes=4[0m
00003.172 [D/COM56] CTIVE role=D phase=INITIAL destination=2 hops=2 cost=30 mtu=128 generation=2 causal=200[0m
00003.687 [B/COM53] [32mINFO 
00004.672 [C/COM58] [32mINFO -
00004.672 [D/COM56] [32mINFO - V6R ROU
00005.172 [C/COM58]  V6utes=4 carrier_err=0 wire_err=0 route_err=0 tx_err=0 rx_err=0 timeout=0[0m
00005.172 [B/COM53] - Vax=0 route=1 recovered=0 rerr_guard=1 carrier_err=0 wire_err=0 route_err=0 tx_err=0 rx_err=0 timeout=0[0m
00005.172 [D/COM56] TE ax=0 route=1 recovered=0 rerr_guard=0 carrier_err=0 wire_err=0 route_err=0 tx_err=0 rx_err=0 timeout=0[0m
00005.172 [C/COM58] role=C tx=4 rx=4 fwd_rreq=2 fwd_rrep=2 fwdVE role=C origin=D destination=B[0m
00005.172 [C/COM58] [32mINFO - V6R C_DATA[0m
00005.172 [D/COM56] min=0 rtt_avg=0 rtt_max=0 route=1 recovered=0 rere=10001 rtt_us=5101[0m
00005.172 [C/COM58] x_err=0 timeout=0[0m
00005.172 [D/COM56] wire_err=0 route_err=0 tx_err=0 rx_err=0 timeout=0[0m
00005.187 [C/COM58] [32mINFO - UCN_RUST_ROUTE RELAY_DATA_ACTIVE role=C origin=D destination=B[0m
00005.672 [B/COM53] min=0 rtt_avg=0 rtt_max=0 route=1 recovered=0 rerr_guard=1 carrier_err=0 wire_err=0 route_err=0 tx_err=0 rx_err=0 timeout=0[0m
00006.172 [D/COM56] [32mINFO - UCN_RUST_ROUTE PING_OK role=D sequence=10001 rtt_us=5101[0m
00006.656 [B/COM53] [32mINFO - UCN_RUST_ROUTE PING_OK role=B sequence=2 rtt_us=1025[0m
00006.687 [C/COM58] [32mINFO 
00007.172 [D/COM56] [32mINFO - UCN_RUST_ROUTE PING_OK role=D sequence=10003 rtt_us=1023[0m
00007.672 [B/COM53] [32mINFO - UCN_RUST_ROUTE PING_OK role=B sequence=4 rtt_us=1019[0m
00008.172 [D/COM56] [32mINFO - UCN_RUST_ROUTE PING_OK role=D sequence=10005 rtt_us=1021[0m
00008.672 [B/COM53] [32mINFO - UCN_RUST_ROUTE PING_OK role=B sequence=6 rtt_us=1020[0m
00009.172 [D/COM56] [32mINFO - UCN_RUST_ROUTE PING_OK role=D sequence=10007 rtt_us=1019[0m
00009.672 [B/COM53] [32mINFO - UCN_RUST_ROUTE PING_OK role=B sequence=8 rtt_us=1020[0m
00010.172 [C/COM58] - 0 routes=4 carrier_err=0 wire_err=0 route_err=0 tx_err=0 rx_err=0 timeout=0[0m
00010.172 [B/COM53] [32mINFO - UCN_RUST_ROUTE PING_OK role=B sequence=10 r020 rtt_max=1025 route=1 recovered=0 rerr_guard=1 carrier_err=0 wire_err=0 route_err=0 tx_err=0 rx_err=0 timeout=0[0m
00010.172 [D/COM56] [32mINFO - UCN_RUST_ROUTE PING_OK role=D sequence=10009 r836 rtt_max=5101 route=1 recovered=0 rerr_guard=0 carrier_err=0 wire_err=0 route_err=0 tx_err=0 rx_err=0 timeout=0[0m
00010.172 [D/COM56] [32mINFO - UCN_RUST_ROUTE PING_OK role=D sequence=10011 rtt_us=1020[0m
00010.187 [D/COM56] wire_err=0 route_err=0 tx_err=0 rx_err=0 timeout=0[0m
00010.672 [B/COM53] rtt_avg=1020 rtt_max=1025 route=1 recovered=0 rerr_guard=1 carrier_err=0 wire_err=0 route_err=0 tx_err=0 rx_err=0 timeout=0[0m
00011.172 [D/COM56] [32mINFO - UCN_RUST_ROUTE PING_OK role=D sequence=10011 rtt_us=1020[0m
00011.672 [B/COM53] [32mINFO - UCN_RUST_ROUTE PING_OK role=B sequence=12 rtt_us=1020[0m
00011.687 [C/COM58] e=C tx=24 rx=24 fwd_rreq=2 fwd_rrep=2 fwd_data=20 routes=4 carrier_err=0 wire_err=0 route_err=0 tx_err=0 rx_err
00012.172 [D/COM56] [32mINFO - UCN_RUST_ROUTE PING_OK role=D sequence=10013 rtt_us=1018[0m
00012.672 [B/COM53] [32mINFO - UCN_RUST_ROUTE PING_OK role=B sequence=14 rt role=B removed=1 resolve_rejected=1[0m
00012.672 [B/COM53] [32mINFO - V6R INVALID B[0m
00012.672 [B/COM53] _us=1019[0m
00012.672 [B/COM53] [32mINFO - UCN_RUST_ROUTE ROUTE_INVALIDATED role=B removed=1 resolve_rejected=1[0m
00012.766 [B/COM53] [32mINFO - V6Rcausal=101[0m
00012.766 [B/COM53] [32mINFO - V6R ROUTE B RECOVERED[0m
00012.781 [B/COM53] E role=B phase=RECOVERED destination=4 hops=2 cost=30 mtu=128 generation=3 causal=101[0m
00013.172 [D/COM56] [32mINFO - UCN_RUST_ROUTE PING_OK role=D sequence=10015 rtt_us=1020[0m
00014.172 [D/COM56] [32mINFO - UCN_RUST_ROUTE PING_OK role=D sequence=10017 rtt_us=1020[0m
00014.281 [B/COM53] [32mINFO - V6R ROUTE
00015.172 [C/COM58] =06 routes=4 carrier_err=0 wire_err=0 route_err=0 tx_err=0 rx_err=0 timeout=0[0m
00015.172 [B/COM53]  B020 rtt_max=1025 route=1 recovered=1 rerr_guard=1 carrier_err=0 wire_err=0 route_err=0 tx_err=0 rx_err=0 timeout=0[0m
00015.172 [D/COM56] [32mINFO - UCN_RUST_ROUTE PING_OK role=D sequence=10018 r1428 rtt_max=5101 route=1 recovered=0 rerr_guard=0 carrier_err=0 wire_err=0 route_err=0 tx_err=0 rx_err=0 timeout=0[0m
00015.172 [D/COM56] [32mINFO - UCN_RUST_ROUTE PING_OK role=D sequence=10019 rtt_us=1019[0m
00015.187 [D/COM56] wire_err=0 route_err=0 tx_err=0 rx_err=0 timeout=0[0m
00016.172 [D/COM56] [32mINFO - UCN_RUST_ROUTE PING_OK role=D sequence=10019 rtt_us=1019[0m
00016.266 [B/COM53] rtt_avg=1020 rtt_max=1025 route=1 recovered=1 rerr_guard=1 carrier_err=0 wire_err=0 route_err=0 tx_err=0 rx_err=0 timeout=0[0m
00016.672 [C/COM58] e=C tx=42 rx=42 fwd_rreq=3 fwd_rrep=3 fwd_data=36 routes=4 carrier_err=0 wire_err=0 route_err=0 tx_err=0 rx_err
00017.172 [D/COM56] [32mINFO - UCN_RUST_ROUTE PING_OK role=D sequence=10020 rtt_us=1020[0m
00017.266 [B/COM53] [32mINFO - UCN_RUST_ROUTE PING_OK role=B sequence=21 rtt_us=1019[0m
00018.172 [D/COM56] [32mINFO - UCN_RUST_ROUTE PING_OK role=D sequence=10022 rtt_us=1020[0m
00018.266 [B/COM53] [32mINFO - UCN_RUST_ROUTE PING_OK role=B sequence=23 rtt_us=1019[0m
00019.172 [D/COM56] [32mINFO - UCN_RUST_ROUTE PING_OK role=D sequence=10024 rtt_us=1021[0m
00019.266 [B/COM53] [32mINFO - UCN_RUST_ROUTE PING_OK role=B sequence=25 rtt_us=1020[0m
00020.172 [C/COM58] =04 routes=4 carrier_err=0 wire_err=0 route_err=0 tx_err=0 rx_err=0 timeout=0[0m
00020.172 [B/COM53] [32mINFO - UCN_RUST_ROUTE PING_OK role=B sequence=27 r1019 rtt_max=1025 route=1 recovered=1 rerr_guard=1 carrier_err=0 wire_err=0 route_err=0 tx_err=0 rx_err=0 timeout=0[0m
00020.172 [D/COM56] [32mINFO - UCN_RUST_ROUTE PING_OK role=D sequence=10026 r1292 rtt_max=5101 route=1 recovered=0 rerr_guard=0 carrier_err=0 wire_err=0 route_err=0 tx_err=0 rx_err=0 timeout=0[0m
00020.172 [D/COM56] [32mINFO - UCN_RUST_ROUTE PING_OK role=D sequence=10028 rtt_us=1020[0m
00020.187 [D/COM56] wire_err=0 route_err=0 tx_err=0 rx_err=0 timeout=0[0m
00020.266 [B/COM53] rtt_avg=1019 rtt_max=1025 route=1 recovered=1 rerr_guard=1 carrier_err=0 wire_err=0 route_err=0 tx_err=0 rx_err=0 timeout=0[0m
00021.172 [D/COM56] [32mINFO - UCN_RUST_ROUTE PING_OK role=D sequence=10028 rtt_us=1020[0m
00021.266 [B/COM53] [32mINFO - UCN_RUST_ROUTE PING_OK role=B sequence=29 rtt_us=1019[0m
00021.687 [C/COM58] e=C tx=60 rx=60 fwd_rreq=3 fwd_rrep=3 fwd_data=54 routes=4 carrier_err=0 wire_err=0 route_err=0 tx_err=0 rx_err
00022.172 [D/COM56] [32mINFO - UCN_RUST_ROUTE PING_OK role=D sequence=10030 rtt_us=1020[0m
00022.266 [B/COM53] [32mINFO - UCN_RUST_ROUTE PING_OK role=B sequence=31 rtt_us=1020[0m
00023.172 [D/COM56] [32mINFO - UCN_RUST_ROUTE PING_OK role=D sequence=10032 rtt_us=1020[0m
00023.266 [B/COM53] [32mINFO - UCN_RUST_ROUTE PING_OK role=B sequence=33 rtt_us=1019[0m
00024.172 [D/COM56] [32mINFO - UCN_RUST_ROUTE PING_OK role=D sequence=10034 rtt_us=1020[0m
00024.266 [B/COM53] [32mINFO - UCN_RUST_ROUTE PING_OK role=B sequence=35 rtt_us=1020[0m
00025.172 [C/COM58] =04 routes=4 carrier_err=0 wire_err=0 route_err=0 tx_err=0 rx_err=0 timeout=0[0m
00025.172 [B/COM53] [32mINFO - UCN_RUST_ROUTE PING_OK role=B sequence=37 r1019 rtt_max=1025 route=1 recovered=1 rerr_guard=1 carrier_err=0 wire_err=0 route_err=0 tx_err=0 rx_err=0 timeout=0[0m
00025.172 [D/COM56] [32mINFO - UCN_RUST_ROUTE PING_OK role=D sequence=10036 r1224 rtt_max=5101 route=1 recovered=0 rerr_guard=0 carrier_err=0 wire_err=0 route_err=0 tx_err=0 rx_err=0 timeout=0[0m
00025.172 [D/COM56] [32mINFO - UCN_RUST_ROUTE PING_OK role=D sequence=10038 rtt_us=1019[0m
00025.187 [D/COM56] wire_err=0 route_err=0 tx_err=0 rx_err=0 timeout=0[0m
00025.266 [B/COM53] rtt_avg=1019 rtt_max=1025 route=1 recovered=1 rerr_guard=1 carrier_err=0 wire_err=0 route_err=0 tx_err=0 rx_err=0 timeout=0[0m
00026.172 [D/COM56] [32mINFO - UCN_RUST_ROUTE PING_OK role=D sequence=10038 rtt_us=1019[0m
00026.266 [B/COM53] [32mINFO - UCN_RUST_ROUTE PING_OK role=B sequence=39 rtt_us=1019[0m
00026.687 [C/COM58] e=C tx=80 rx=80 fwd_rreq=3 fwd_rrep=3 fwd_data=74 routes=4 carrier_err=0 wire_err=0 route_err=0 tx_err=0 rx_err
00027.172 [D/COM56] [32mINFO - UCN_RUST_ROUTE PING_OK role=D sequence=10040 rtt_us=1020[0m
00027.266 [B/COM53] [32mINFO - UCN_RUST_ROUTE PING_OK role=B sequence=41 rtt_us=1020[0m
00028.172 [D/COM56] [32mINFO - UCN_RUST_ROUTE PING_OK role=D sequence=10042 rtt_us=1021[0m
00028.266 [B/COM53] [32mINFO - UCN_RUST_ROUTE PING_OK role=B sequence=43 rtt_us=1018[0m
00029.172 [D/COM56] [32mINFO - UCN_RUST_ROUTE PING_OK role=D sequence=10044 rtt_us=1020[0m
00029.266 [B/COM53] [32mINFO - UCN_RUST_ROUTE PING_OK role=B sequence=45 rtt_us=1019[0m
00030.172 [C/COM58] =0=94 routes=4 carrier_err=0 wire_err=0 route_err=0 tx_err=0 rx_err=0 timeout=0[0m
00030.172 [B/COM53] [32mINFO - UCN_RUST_ROUTE PING_OK role=B sequence=47 r1019 rtt_max=1025 route=1 recovered=1 rerr_guard=1 carrier_err=0 wire_err=0 route_err=0 tx_err=0 rx_err=0 timeout=0[0m
00030.172 [D/COM56] [32mINFO - UCN_RUST_ROUTE PING_OK role=D sequence=10046 r1183 rtt_max=5101 route=1 recovered=0 rerr_guard=0 carrier_err=0 wire_err=0 route_err=0 tx_err=0 rx_err=0 timeout=0[0m
00030.172 [D/COM56] [32mINFO - UCN_RUST_ROUTE PING_OK role=D sequence=10048 rtt_us=1019[0m
00030.187 [D/COM56] wire_err=0 route_err=0 tx_err=0 rx_err=0 timeout=0[0m
00030.266 [B/COM53] rtt_avg=1019 rtt_max=1025 route=1 recovered=1 rerr_guard=1 carrier_err=0 wire_err=0 route_err=0 tx_err=0 rx_err=0 timeout=0[0m
00031.172 [D/COM56] [32mINFO - UCN_RUST_ROUTE PING_OK role=D sequence=10048 rtt_us=1019[0m
00031.266 [B/COM53] [32mINFO - UCN_RUST_ROUTE PING_OK role=B sequence=49 rtt_us=1019[0m
00031.687 [C/COM58] C tx=100 rx=100 fwd_rreq=3 fwd_rrep=3 fwd_data=94 routes=4 carrier_err=0 wire_err=0 route_err=0 tx_err=0 rx_err
00032.172 [D/COM56] [32mINFO - UCN_RUST_ROUTE PING_OK role=D sequence=10050 rtt_us=1019[0m
00032.266 [B/COM53] [32mINFO - UCN_RUST_ROUTE PING_OK role=B sequence=51 rtt_us=1017[0m
00033.172 [D/COM56] [32mINFO - UCN_RUST_ROUTE PING_OK role=D sequence=10052 rtt_us=1019[0m
00033.266 [B/COM53] [32mINFO - UCN_RUST_ROUTE PING_OK role=B sequence=53 rtt_us=1018[0m
00034.172 [D/COM56] [32mINFO - UCN_RUST_ROUTE PING_OK role=D sequence=10054 rtt_us=1019[0m
00034.266 [B/COM53] [32mINFO - UCN_RUST_ROUTE PING_OK role=B sequence=55 rtt_us=1019[0m
